// Jest Snapshot v1, https://goo.gl/fbAQLP

exports[`catalogue should render null when categoryInfo is empty or undefined 1`] = `null`;

exports[`catalogue should render properly when categoryInfo is not empty 1`] = `
<div>
  <glamorous(div)>
    <h1>
      cat123
    </h1>
  </glamorous(div)>
  <SellingAidsBadge
    activeAid=""
    onToggle={[Function]}
    sellingAids={Object {}}
  />
  <FilterBar
    filterGroups={Array []}
    filterMap={Object {}}
    isDialogOpen={true}
    resetFilters={[Function]}
    toggleAvailability={[Function]}
    toggleFilter={[Function]}
    toggleFiltersDialog={[Function]}
  />
  <Swipeable
    delta={50}
    disabled={false}
    flickThreshold={0.6}
    nodeName="div"
    onSwipingLeft={[Function]}
    onSwipingRight={[Function]}
    preventDefaultTouchmoveEvent={true}
    stopPropagation={false}
  >
    <glamorous(div)
      opacity={true}
    />
  </Swipeable>
</div>
`;
