// Jest Snapshot v1, https://goo.gl/fbAQLP

exports[`FamilySideBar should render null when world is empty 1`] = `null`;

exports[`FamilySideBar should render properly when world is not empty 1`] = `
<glamorous(div)>
  <glamorous(h3) />
  <glamorous(div)
    onClick={[Function]}
  >
    <glamorous(img)
      src="image"
    />
    <glamorous(div)>
      <p>
        name
      </p>
    </glamorous(div)>
  </glamorous(div)>
</glamorous(div)>
`;
