// Jest Snapshot v1, https://goo.gl/fbAQLP

exports[`FilterDialog should call toggleTempAvailability availability is toggled 1`] = `
<glamorous(div)>
  <glamorous(div)>
    <glamorous(div)
      fontFamily="LeroyMerlinSans Light"
      fontSize="20px"
      id="close-filterDialog"
      onClick={[Function]}
    >
      <ContentRemoveCircleOutline
        color="#fff"
        style={
          Object {
            "height": 25,
            "width": 25,
          }
        }
      />
      <p>
        Chiudi Filtri
      </p>
    </glamorous(div)>
    <glamorous(div)
      fontSize="16px"
      id="reset-filterDialog"
      onClick={[Function]}
      textDecoration="underline"
    >
      <ContentUndo
        color="#fff"
        style={
          Object {
            "height": 25,
            "width": 25,
          }
        }
      />
      <p>
        Reset Filtri
      </p>
    </glamorous(div)>
  </glamorous(div)>
  <glamorous(div)>
    <p>
      Disponibilità in negozio
    </p>
    <Toggle
      defaultToggled={false}
      disabled={false}
      label="Disponibile"
      labelPosition="right"
      labelStyle={
        Object {
          "alignItems": "center",
          "color": "#67cb33",
          "display": "flex",
          "fontFamily": "LeroyMerlinSans Italic",
          "fontSize": 16,
          "marginLeft": 50,
        }
      }
      onToggle={[Function]}
      thumbStyle={
        Object {
          "backgroundColor": "#e4e4e4",
          "height": 30,
          "left": 10,
          "top": 10,
          "width": 30,
        }
      }
      thumbSwitchedStyle={
        Object {
          "backgroundColor": "#67cb33",
          "left": 65,
          "top": 10,
        }
      }
      toggled={true}
      trackStyle={
        Object {
          "backgroundColor": "#fff",
          "height": 42,
          "width": 70,
        }
      }
      trackSwitchedStyle={
        Object {
          "backgroundColor": "#fff",
          "height": 42,
          "width": 70,
        }
      }
    />
  </glamorous(div)>
  <glamorous(div)>
    <glamorous(div)>
      <glamorous(div) />
      <glamorous(div)>
        <glamorous(div)
          isActive={false}
          onClick={[Function]}
        >
          <p />
        </glamorous(div)>
        <glamorous(div)
          isActive={true}
          onClick={[Function]}
        >
          <p />
        </glamorous(div)>
        <glamorous(div)
          isActive={false}
          onClick={[Function]}
        >
          <p />
        </glamorous(div)>
      </glamorous(div)>
    </glamorous(div)>
    <glamorous(div)>
      <glamorous(div) />
      <glamorous(div)>
        <glamorous(div)
          isActive={false}
          onClick={[Function]}
        >
          <p />
        </glamorous(div)>
        <glamorous(div)
          isActive={false}
          onClick={[Function]}
        >
          <p />
        </glamorous(div)>
        <glamorous(div)
          isActive={false}
          onClick={[Function]}
        >
          <p />
        </glamorous(div)>
      </glamorous(div)>
    </glamorous(div)>
  </glamorous(div)>
  <Component
    itemCount={10}
    onApply={[Function]}
  />
</glamorous(div)>
`;

exports[`FilterDialog should call toggleTempFilter when a filter is clicked 1`] = `
<glamorous(div)>
  <glamorous(div)>
    <glamorous(div)
      fontFamily="LeroyMerlinSans Light"
      fontSize="20px"
      id="close-filterDialog"
      onClick={[Function]}
    >
      <ContentRemoveCircleOutline
        color="#fff"
        style={
          Object {
            "height": 25,
            "width": 25,
          }
        }
      />
      <p>
        Chiudi Filtri
      </p>
    </glamorous(div)>
    <glamorous(div)
      fontSize="16px"
      id="reset-filterDialog"
      onClick={[Function]}
      textDecoration="underline"
    >
      <ContentUndo
        color="#fff"
        style={
          Object {
            "height": 25,
            "width": 25,
          }
        }
      />
      <p>
        Reset Filtri
      </p>
    </glamorous(div)>
  </glamorous(div)>
  <glamorous(div)>
    <p>
      Disponibilità in negozio
    </p>
    <Toggle
      defaultToggled={false}
      disabled={false}
      label="Disponibile"
      labelPosition="right"
      labelStyle={
        Object {
          "alignItems": "center",
          "color": "#67cb33",
          "display": "flex",
          "fontFamily": "LeroyMerlinSans Italic",
          "fontSize": 16,
          "marginLeft": 50,
        }
      }
      onToggle={[Function]}
      thumbStyle={
        Object {
          "backgroundColor": "#e4e4e4",
          "height": 30,
          "left": 10,
          "top": 10,
          "width": 30,
        }
      }
      thumbSwitchedStyle={
        Object {
          "backgroundColor": "#67cb33",
          "left": 65,
          "top": 10,
        }
      }
      toggled={true}
      trackStyle={
        Object {
          "backgroundColor": "#fff",
          "height": 42,
          "width": 70,
        }
      }
      trackSwitchedStyle={
        Object {
          "backgroundColor": "#fff",
          "height": 42,
          "width": 70,
        }
      }
    />
  </glamorous(div)>
  <glamorous(div)>
    <glamorous(div)>
      <glamorous(div) />
      <glamorous(div)>
        <glamorous(div)
          isActive={false}
          onClick={[Function]}
        >
          <p />
        </glamorous(div)>
        <glamorous(div)
          isActive={true}
          onClick={[Function]}
        >
          <p />
        </glamorous(div)>
        <glamorous(div)
          isActive={false}
          onClick={[Function]}
        >
          <p />
        </glamorous(div)>
      </glamorous(div)>
    </glamorous(div)>
    <glamorous(div)>
      <glamorous(div) />
      <glamorous(div)>
        <glamorous(div)
          isActive={false}
          onClick={[Function]}
        >
          <p />
        </glamorous(div)>
        <glamorous(div)
          isActive={false}
          onClick={[Function]}
        >
          <p />
        </glamorous(div)>
        <glamorous(div)
          isActive={false}
          onClick={[Function]}
        >
          <p />
        </glamorous(div)>
      </glamorous(div)>
    </glamorous(div)>
  </glamorous(div)>
  <Component
    itemCount={10}
    onApply={[Function]}
  />
</glamorous(div)>
`;

exports[`FilterDialog should reset filter when reset button is clicked 1`] = `
<glamorous(div)>
  <glamorous(div)>
    <glamorous(div)
      fontFamily="LeroyMerlinSans Light"
      fontSize="20px"
      id="close-filterDialog"
      onClick={[Function]}
    >
      <ContentRemoveCircleOutline
        color="#fff"
        style={
          Object {
            "height": 25,
            "width": 25,
          }
        }
      />
      <p>
        Chiudi Filtri
      </p>
    </glamorous(div)>
    <glamorous(div)
      fontSize="16px"
      id="reset-filterDialog"
      onClick={[Function]}
      textDecoration="underline"
    >
      <ContentUndo
        color="#fff"
        style={
          Object {
            "height": 25,
            "width": 25,
          }
        }
      />
      <p>
        Reset Filtri
      </p>
    </glamorous(div)>
  </glamorous(div)>
  <glamorous(div)>
    <p>
      Disponibilità in negozio
    </p>
    <Toggle
      defaultToggled={false}
      disabled={false}
      label="Disponibile"
      labelPosition="right"
      labelStyle={
        Object {
          "alignItems": "center",
          "color": "#67cb33",
          "display": "flex",
          "fontFamily": "LeroyMerlinSans Italic",
          "fontSize": 16,
          "marginLeft": 50,
        }
      }
      onToggle={[Function]}
      thumbStyle={
        Object {
          "backgroundColor": "#e4e4e4",
          "height": 30,
          "left": 10,
          "top": 10,
          "width": 30,
        }
      }
      thumbSwitchedStyle={
        Object {
          "backgroundColor": "#67cb33",
          "left": 65,
          "top": 10,
        }
      }
      toggled={true}
      trackStyle={
        Object {
          "backgroundColor": "#fff",
          "height": 42,
          "width": 70,
        }
      }
      trackSwitchedStyle={
        Object {
          "backgroundColor": "#fff",
          "height": 42,
          "width": 70,
        }
      }
    />
  </glamorous(div)>
  <glamorous(div)>
    <glamorous(div)>
      <glamorous(div) />
      <glamorous(div)>
        <glamorous(div)
          isActive={false}
          onClick={[Function]}
        >
          <p />
        </glamorous(div)>
        <glamorous(div)
          isActive={true}
          onClick={[Function]}
        >
          <p />
        </glamorous(div)>
        <glamorous(div)
          isActive={false}
          onClick={[Function]}
        >
          <p />
        </glamorous(div)>
      </glamorous(div)>
    </glamorous(div)>
    <glamorous(div)>
      <glamorous(div) />
      <glamorous(div)>
        <glamorous(div)
          isActive={false}
          onClick={[Function]}
        >
          <p />
        </glamorous(div)>
        <glamorous(div)
          isActive={false}
          onClick={[Function]}
        >
          <p />
        </glamorous(div)>
        <glamorous(div)
          isActive={false}
          onClick={[Function]}
        >
          <p />
        </glamorous(div)>
      </glamorous(div)>
    </glamorous(div)>
  </glamorous(div)>
  <Component
    itemCount={10}
    onApply={[Function]}
  />
</glamorous(div)>
`;
