// Jest Snapshot v1, https://goo.gl/fbAQLP

exports[`ForecastBadge should render properly 1`] = `
<glamorous(div)>
  <glamorous(div)>
    dt
  </glamorous(div)>
  <glamorous(div)>
    <IconSelector
      weather="sunny"
    />
  </glamorous(div)>
  <glamorous(div)>
    <p>
      <glamorous(span)>
        min.
      </glamorous(span)>
      <glamorous(span)>
        0
         °
      </glamorous(span)>
    </p>
    <p>
      <glamorous(span)>
        max.
      </glamorous(span)>
      <glamorous(span)>
        0
         °
      </glamorous(span)>
    </p>
  </glamorous(div)>
</glamorous(div)>
`;
