// Jest Snapshot v1, https://goo.gl/fbAQLP

exports[`LocationBadge renders properly 1`] = `
<glamorous(div)>
  <glamorous(div)>
    <IconSelector
      weather="sunny"
    />
    <glamorous(div)>
      <glamorous(p)>
        milano
         (
        Italia
        )
      </glamorous(p)>
      <DateBadge />
    </glamorous(div)>
  </glamorous(div)>
  <glamorous(div)>
    30
     °
  </glamorous(div)>
</glamorous(div)>
`;
