// Jest Snapshot v1, https://goo.gl/fbAQLP

exports[`ProductInfoBadge should render properly 1`] = `
<glamorous(div)>
  <MarketingFlag
    loyaltyProgram={Object {}}
    marketingAttributes={Object {}}
  />
  <PriceBadge
    price={Object {}}
    pricingInfo={Object {}}
  />
  <glamorous(div) />
  <glamorous(div)>
    <Connect(StoreStockBadge)
      currentStoreStock={Object {}}
    />
  </glamorous(div)>
  <AvailabilityButton
    productCode="foobar"
    productName="foobar"
  />
  <glamorous(div) />
  <PurchaseDialog
    productCode="foobar"
    productSlug="foobar"
  >
    <glamorous(div)
      background="#67cb33"
    >
      Acquista online
    </glamorous(div)>
  </PurchaseDialog>
</glamorous(div)>
`;
