// Jest Snapshot v1, https://goo.gl/fbAQLP

exports[`ProductInfoBadge should render properly 1`] = `
<styled.div>
  <MarketingFlag
    loyaltyProgram={
      Immutable.Map {
      }
    }
    marketingAttributes={
      Immutable.Map {
      }
    }
  />
  <PriceBadge
    price={
      Immutable.Map {
      }
    }
    pricingInfo={
      Immutable.Map {
      }
    }
  />
  <styled.div />
  <styled.div>
    <Connect(StoreStockBadge)
      currentStoreStock={
        Immutable.Map {
        }
      }
    />
  </styled.div>
  <AvailabilityButton
    allStoreStock={
      Immutable.List [
      ]
    }
    productCode="foobar"
    productName="foobar"
  />
  <styled.div />
  <PurchaseDialog
    productCode="foobar"
    productSlug="foobar"
  >
    <styled.div
      bgColor="#67cb33"
    >
      Acquista online
    </styled.div>
  </PurchaseDialog>
</styled.div>
`;
