// Jest Snapshot v1, https://goo.gl/fbAQLP

exports[`SellingAidsBadge should render a list of all the sellingAids otherwise 1`] = `
<glamorous(div)>
  <glamorous(p)>
    ...
  </glamorous(p)>
  <glamorous(div)>
    <glamorous(div)
      isActive={true}
      onClick={[Function]}
    >
      <p>
        aid0
      </p>
    </glamorous(div)>
    <glamorous(div)
      isActive={false}
      onClick={[Function]}
    >
      <p>
        aid1
      </p>
    </glamorous(div)>
    <glamorous(div)
      isActive={false}
      onClick={[Function]}
    >
      <p>
        aid2
      </p>
    </glamorous(div)>
  </glamorous(div)>
</glamorous(div)>
`;

exports[`SellingAidsBadge should render null when sellingAids are empty 1`] = `null`;
