// Jest Snapshot v1, https://goo.gl/fbAQLP

exports[`SplashScreen should otherwise render properly 1`] = `
<Link
  onlyActiveOnIndex={false}
  style={Object {}}
  to="/world"
>
  <glamorous(div)>
    <glamorous(div)>
      <ScreenSaver
        video="theVideoUrl"
      />
    </glamorous(div)>
  </glamorous(div)>
</Link>
`;

exports[`SplashScreen should return null when world is null is empty 1`] = `null`;
