// Jest Snapshot v1, https://goo.gl/fbAQLP

exports[`SplashScreen should otherwise render properly 1`] = `
<Link
  onlyActiveOnIndex={false}
  style={Object {}}
  to="/world"
>
  <glamorous(div)>
    <glamorous(div)>
      <glamorous(h1)>
        Accendi la tua voglia di estate
      </glamorous(h1)>
      <glamorous(div)>
        Entra nel mondo giardino
      </glamorous(div)>
    </glamorous(div)>
    <glamorous(div)>
      <ScreenSaver />
    </glamorous(div)>
  </glamorous(div)>
</Link>
`;

exports[`SplashScreen should return null when forecast is empty 1`] = `null`;
